2026-09-25 19:26:24,724 - INFO - ========knn==========
2026-09-25 19:26:24,728 - INFO - Test Data Accuracy : 0.5737704918032787
2026-09-25 19:26:24,732 - INFO - Test Data Confusion Matrix : [[29  0]
 [26  6]]
2026-09-25 19:26:24,742 - INFO - Test Data Classification Report  :               precision    recall  f1-score   support

           0       0.53      1.00      0.69        29
           1       1.00      0.19      0.32        32

    accuracy                           0.57        61
   macro avg       0.76      0.59      0.50        61
weighted avg       0.78      0.57      0.49        61

2026-09-25 19:26:24,742 - INFO - =============Naive Bayes=====================
2026-09-25 19:26:24,744 - INFO - Test Data Accuracy : 0.8032786885245902
2026-09-25 19:26:24,746 - INFO - Test Data Confusion Matrix : [[25  4]
 [ 8 24]]
2026-09-25 19:26:24,753 - INFO - Test Data Classification Report  :               precision    recall  f1-score   support

           0       0.76      0.86      0.81        29
           1       0.86      0.75      0.80        32

    accuracy                           0.80        61
   macro avg       0.81      0.81      0.80        61
weighted avg       0.81      0.80      0.80        61

2026-09-25 19:26:24,753 - INFO - =============Logistic Regression=====================
2026-09-25 19:26:24,759 - INFO - Test Data Accuracy : 0.5901639344262295
2026-09-25 19:26:24,761 - INFO - Test Data Confusion Matrix : [[28  1]
 [24  8]]
2026-09-25 19:26:24,770 - INFO - Test Data Classification Report  :               precision    recall  f1-score   support

           0       0.54      0.97      0.69        29
           1       0.89      0.25      0.39        32

    accuracy                           0.59        61
   macro avg       0.71      0.61      0.54        61
weighted avg       0.72      0.59      0.53        61

2026-09-25 19:26:24,770 - INFO - =============Decision Tree=====================
2026-09-25 19:26:24,773 - INFO - Test Data Accuracy : 0.6065573770491803
2026-09-25 19:26:24,775 - INFO - Test Data Confusion Matrix : [[26  3]
 [21 11]]
2026-09-25 19:26:24,784 - INFO - Test Data Classification Report  :               precision    recall  f1-score   support

           0       0.55      0.90      0.68        29
           1       0.79      0.34      0.48        32

    accuracy                           0.61        61
   macro avg       0.67      0.62      0.58        61
weighted avg       0.68      0.61      0.58        61

2026-09-25 19:26:24,784 - INFO - =============Random Forest=====================
2026-09-25 19:26:24,806 - INFO - Test Data Accuracy : 0.6557377049180327
2026-09-25 19:26:24,808 - INFO - Test Data Confusion Matrix : [[27  2]
 [19 13]]
2026-09-25 19:26:24,818 - INFO - Test Data Classification Report  :               precision    recall  f1-score   support

           0       0.59      0.93      0.72        29
           1       0.87      0.41      0.55        32

    accuracy                           0.66        61
   macro avg       0.73      0.67      0.64        61
weighted avg       0.73      0.66      0.63        61

2026-09-25 19:26:24,818 - INFO - =============Adaboost=====================
2026-09-25 19:26:24,840 - INFO - Test Data Accuracy : 0.5901639344262295
2026-09-25 19:26:24,842 - INFO - Test Data Confusion Matrix : [[29  0]
 [25  7]]
2026-09-25 19:26:24,850 - INFO - Test Data Classification Report  :               precision    recall  f1-score   support

           0       0.54      1.00      0.70        29
           1       1.00      0.22      0.36        32

    accuracy                           0.59        61
   macro avg       0.77      0.61      0.53        61
weighted avg       0.78      0.59      0.52        61

2026-09-25 19:26:24,850 - INFO - =============Gradient Boosting=====================
2026-09-25 19:26:24,863 - INFO - Test Data Accuracy : 0.6229508196721312
2026-09-25 19:26:24,865 - INFO - Test Data Confusion Matrix : [[27  2]
 [21 11]]
2026-09-25 19:26:24,872 - INFO - Test Data Classification Report  :               precision    recall  f1-score   support

           0       0.56      0.93      0.70        29
           1       0.85      0.34      0.49        32

    accuracy                           0.62        61
   macro avg       0.70      0.64      0.60        61
weighted avg       0.71      0.62      0.59        61

2026-09-25 19:26:24,872 - INFO - =============Xtreme Gradient Boosting=====================
2026-09-25 19:26:25,194 - INFO - Test Data Accuracy : 0.5573770491803278
2026-09-25 19:26:25,198 - INFO - Test Data Confusion Matrix : [[29  0]
 [27  5]]
2026-09-25 19:26:25,215 - INFO - Test Data Classification Report  :               precision    recall  f1-score   support

           0       0.52      1.00      0.68        29
           1       1.00      0.16      0.27        32

    accuracy                           0.56        61
   macro avg       0.76      0.58      0.48        61
weighted avg       0.77      0.56      0.47        61

2026-09-25 19:26:25,215 - INFO - ==============auc and roc curve===================
2026-09-25 19:26:25,215 - INFO - Error in line no : 177 : due to : <class 'NameError'> : reason : name 'auc_roc_curve' is not defined
